[startuptemplate.vercel.app/index.html]
[backblue.gif]
[fade.gif]
[index.html]
[startuptemplate.vercel.app/dist/script.js]
[startuptemplate.vercel.app/dist/styles.css]
[startuptemplate.vercel.app/dist/assets/Logo_black.svg]
[startuptemplate.vercel.app/howitworks]
[startuptemplate.vercel.app/features]
[startuptemplate.vercel.app/pricing]
[startuptemplate.vercel.app/dist/assets/Highlight1.svg]
[startuptemplate.vercel.app/dist/assets/MacBook Pro.png]
[startuptemplate.vercel.app/dist/assets/Highlight2.svg]
[startuptemplate.vercel.app/dist/assets/logos/Heart.svg]
[startuptemplate.vercel.app/dist/assets/logos/CheckedBox.svg]
[startuptemplate.vercel.app/dist/assets/Logo_white.svg]
[startuptemplate.vercel.app/dist/assets/logos/Facebook.svg]
[startuptemplate.vercel.app/dist/assets/logos/Youtube.svg]
[startuptemplate.vercel.app/dist/assets/logos/Instagram.svg]
[startuptemplate.vercel.app/dist/assets/logos/Twitter.svg]
[startuptemplate.vercel.app/index.html]
[startuptemplate.vercel.app/dist/assets/Underline2.svg]
[startuptemplate.vercel.app/dist/assets/Underline3.svg]
[startuptemplate.vercel.app/dist/assets/Underline4.svg]
[startuptemplate.vercel.app/dist/assets/Highlight3.svg]
[startuptemplate.vercel.app/dist/styles.css]
[startuptemplate.vercel.app/dist/assets/Logo_black.svg]
[startuptemplate.vercel.app/howitworks.html]
[startuptemplate.vercel.app/features.html]
[startuptemplate.vercel.app/pricing.html]
[startuptemplate.vercel.app/dist/assets/logos/Menu.svg]
[startuptemplate.vercel.app/dist/assets/logos/Cross.svg]
[startuptemplate.vercel.app/dist/assets/Highlight1.svg]
[startuptemplate.vercel.app/dist/assets/Highlight2.svg]
[startuptemplate.vercel.app/dist/assets/logos/Heart.svg]
[startuptemplate.vercel.app/dist/assets/logos/CheckedBox.svg]
[startuptemplate.vercel.app/dist/assets/logos/CaretRight.svg]
[startuptemplate.vercel.app/dist/assets/Logo_white.svg]
[startuptemplate.vercel.app/dist/assets/logos/Facebook.svg]
[startuptemplate.vercel.app/dist/assets/logos/Youtube.svg]
[startuptemplate.vercel.app/dist/assets/logos/Instagram.svg]
[startuptemplate.vercel.app/dist/assets/logos/Twitter.svg]
[startuptemplate.vercel.app/dist/assets/Underline1.svg]
[startuptemplate.vercel.app/dist/assets/Underline2.svg]
[startuptemplate.vercel.app/dist/assets/Underline3.svg]
[startuptemplate.vercel.app/dist/assets/Underline4.svg]
[startuptemplate.vercel.app/dist/assets/Highlight3.svg]
